../Services/ui/ui_page_looper_pianoroll.c:7:24:wrap_tick_i32	32	static
../Services/ui/ui_page_looper_pianoroll.c:17:17:quant_step_ticks	16	static
../Services/ui/ui_page_looper_pianoroll.c:26:17:quantize_tick_u32	32	static
../Services/ui/ui_page_looper_pianoroll.c:35:17:xorshift32	16	static
../Services/ui/ui_page_looper_pianoroll.c:77:16:is_note_on	16	static
../Services/ui/ui_page_looper_pianoroll.c:80:16:is_note_off	16	static
../Services/ui/ui_page_looper_pianoroll.c:84:17:loop_len	16	static
../Services/ui/ui_page_looper_pianoroll.c:90:13:refresh_snapshot	48	static
../Services/ui/ui_page_looper_pianoroll.c:149:17:tick_to_x	32	static
../Services/ui/ui_page_looper_pianoroll.c:156:12:note_to_y	24	static
../Services/ui/ui_page_looper_pianoroll.c:165:13:draw_header	104	static
../Services/ui/ui_page_looper_pianoroll.c:174:13:draw_grid	64	static
../Services/ui/ui_page_looper_pianoroll.c:198:13:draw_cursor	32	static
../Services/ui/ui_page_looper_pianoroll.c:203:13:draw_notes	64	static
../Services/ui/ui_page_looper_pianoroll.c:222:13:apply_zoom	4	static
../Services/ui/ui_page_looper_pianoroll.c:227:13:draw_footer	8	static
../Services/ui/ui_page_looper_pianoroll.c:232:13:select_nearest	32	static
../Services/ui/ui_page_looper_pianoroll.c:244:13:apply_edit	64	static
../Services/ui/ui_page_looper_pianoroll.c:270:13:delete_note	16	static
../Services/ui/ui_page_looper_pianoroll.c:276:6:ui_page_looper_pianoroll_render	152	static
../Services/ui/ui_page_looper_pianoroll.c:310:6:ui_page_looper_pianoroll_on_button	144	static
../Services/ui/ui_page_looper_pianoroll.c:381:6:ui_page_looper_pianoroll_on_encoder	64	static
../Services/ui/ui_page_looper_pianoroll.c:430:9:ui_page_looper_pianoroll_get_track	4	static
../Services/ui/ui_page_looper_pianoroll.c:432:6:ui_page_looper_pianoroll_zoom_in	8	static
../Services/ui/ui_page_looper_pianoroll.c:436:6:ui_page_looper_pianoroll_zoom_out	8	static
