../Services/ui/ui_page_looper_timeline.c:6:24:wrap_tick_i32	32	static
../Services/ui/ui_page_looper_timeline.c:31:16:is_note_on	16	static
../Services/ui/ui_page_looper_timeline.c:35:13:refresh_snapshot	8	static
../Services/ui/ui_page_looper_timeline.c:41:17:loop_len	16	static
../Services/ui/ui_page_looper_timeline.c:47:17:tick_to_x	40	static
../Services/ui/ui_page_looper_timeline.c:54:12:note_to_y	24	static
../Services/ui/ui_page_looper_timeline.c:63:13:draw_cursor	32	static
../Services/ui/ui_page_looper_timeline.c:70:13:draw_events	40	static
../Services/ui/ui_page_looper_timeline.c:81:13:draw_header	104	static
../Services/ui/ui_page_looper_timeline.c:91:13:apply_zoom	4	static
../Services/ui/ui_page_looper_timeline.c:96:13:draw_footer	8	static
../Services/ui/ui_page_looper_timeline.c:104:13:select_nearest	48	static
../Services/ui/ui_page_looper_timeline.c:120:6:ui_page_looper_timeline_render	160	static
../Services/ui/ui_page_looper_timeline.c:158:6:ui_page_looper_timeline_on_button	56	static
../Services/ui/ui_page_looper_timeline.c:183:6:ui_page_looper_timeline_on_encoder	56	static
../Services/ui/ui_page_looper_timeline.c:216:9:ui_page_looper_timeline_get_track	4	static
../Services/ui/ui_page_looper_timeline.c:218:6:ui_page_looper_timeline_zoom_in	8	static
../Services/ui/ui_page_looper_timeline.c:222:6:ui_page_looper_timeline_zoom_out	8	static
